
[7m[1m[36m RUN [39m[22m[27m [36mv1.6.1[39m [90mC:/Users/Vario/OneDrive/Desktop/MCP Servers/rpg-mcp[39m

 [33mΓ¥»[39m tests/storage/character.repo.test.ts [2m ([22m[2m2 tests[22m [2m|[22m [31m2 failed[39m[2m)[22m[90m 45[2mms[22m[39m
[31m   [33mΓ¥»[31m tests/storage/character.repo.test.ts[2m > [22mCharacterRepository[2m > [22mshould create and retrieve a character[39m
[31m     ΓåÆ FIXED_TIMESTAMP is not defined[39m
[31m   [33mΓ¥»[31m tests/storage/character.repo.test.ts[2m > [22mCharacterRepository[2m > [22mshould create and retrieve an NPC[39m
[31m     ΓåÆ FIXED_TIMESTAMP is not defined[39m

node.exe : [31mΓÄ»ΓÄ
»ΓÄ»ΓÄ»ΓÄ»ΓÄ»ΓÄ»[1m
[7m Failed Tests 2 [
27m[22mΓÄ»ΓÄ»ΓÄ»ΓÄ»Γ
Ä»ΓÄ»ΓÄ»[39m
At C:\Program Files\n
odejs\npx.ps1:29 
char:3
+   & $NODE_EXE 
$NPX_CLI_JS $args
+   ~~~~~~~~~~~~~~~~~
~~~~~~~~~~~~
    + CategoryInfo   
           : NotSpe  
  cified: ([31mΓÄ   
 »ΓÄ»ΓÄ»Γ...»ΓÄ»Γ    
Ä»ΓÄ»[39m:Strin    
g) [], RemoteExc    
eption
    + FullyQualified 
   ErrorId : Native  
  CommandError
 

[31m[1m[7m FAIL 
[27m[22m[39m tests
/storage/character.re
po.test.ts[2m > [22
mCharacterRepository
[2m > [22mshould 
create and retrieve 
a character
[31m[1mReferenceErr
or[22m: 
FIXED_TIMESTAMP is 
not defined[39m
[36m [2mΓ¥»[22m te
sts/storage/character
.repo.test.ts:[2m39:
24[22m[39m
    [90m 37| [39m  
          
ac[33m:[39m [34m15
[39m[33m,[39m
    [90m 38| [39m  
          
level[33m:[39m [34
m1[39m[33m,[39m
    [90m 39| [39m  
          
createdAt[33m:[39m 
[33mFIXED_TIMESTAMP
[39m[33m,[39m
    [90m   | [39m  
                     
[31m^[39m
    [90m 40| [39m  
          
updatedAt[33m:[39m 
[33mFIXED_TIMESTAMP
[39m[33m,[39m
    [90m 41| [39m  
      }[33m;[39m

[31m[2mΓÄ»ΓÄ»ΓÄ»ΓÄ»
ΓÄ»ΓÄ»ΓÄ»ΓÄ»ΓÄ»ΓÄ»ΓÄ»
ΓÄ»ΓÄ»ΓÄ»ΓÄ»ΓÄ»ΓÄ»ΓÄ»
ΓÄ»ΓÄ»ΓÄ»ΓÄ»ΓÄ»ΓÄ»[1/
2]ΓÄ»[22m[39m

[31m[1m[7m FAIL 
[27m[22m[39m tests
/storage/character.re
po.test.ts[2m > [22
mCharacterRepository
[2m > [22mshould 
create and retrieve 
an NPC
[31m[1mReferenceErr
or[22m: 
FIXED_TIMESTAMP is 
not defined[39m
[36m [2mΓ¥»[22m te
sts/storage/character
.repo.test.ts:[2m60:
24[22m[39m
    [90m 58| [39m  
          
factionId[33m:[39m 
[32m'guards'[39m[3
3m,[39m
    [90m 59| [39m  
          
behavior[33m:[39m 
[32m'aggressive'[39m
[33m,[39m
    [90m 60| [39m  
          
createdAt[33m:[39m 
[33mFIXED_TIMESTAMP
[39m[33m,[39m
    [90m   | [39m  
                     
[31m^[39m
    [90m 61| [39m  
          
updatedAt[33m:[39m 
[33mFIXED_TIMESTAMP
[39m[33m,[39m
    [90m 62| [39m  
      }[33m;[39m

[31m[2mΓÄ»ΓÄ»ΓÄ»ΓÄ»
ΓÄ»ΓÄ»ΓÄ»ΓÄ»ΓÄ»ΓÄ»ΓÄ»
ΓÄ»ΓÄ»ΓÄ»ΓÄ»ΓÄ»ΓÄ»ΓÄ»
ΓÄ»ΓÄ»ΓÄ»ΓÄ»ΓÄ»ΓÄ»[2/
2]ΓÄ»[22m[39m

[2m Test Files [22m [1m[31m1 failed[39m[22m[90m (1)[39m
[2m      Tests [22m [1m[31m2 failed[39m[22m[90m (2)[39m
[2m   Start at [22m 21:16:58
[2m   Duration [22m 470ms[2m (transform 52ms, setup 0ms, collect 75ms, tests 45ms, environment 0ms, prepare 132ms)[22m

